>>> a
error: reference to undefined identifier: a

>>> (= a nil)
nil

>>> a
nil

>>> (del a)
nil

>>> a
error: reference to undefined identifier: a


>>> (let a nil
      a)
nil

>>> (let a nil
      (del a)
      a)
error: reference to undefined identifier: a


>>> (let a 5
      (list (del a) a))
(5 )
error: reference to undefined identifier: a


==============================================================================


>>> (= foo '(1 2 3 4))
(1 2 3 4)

>>> (del (car foo))
1

>>> foo
(2 3 4)

>>> (del (cdr foo))
(3 4)

>>> foo
(2)


>>> (= foo '(1 2 3 4))
(1 2 3 4)

>>> (del (foo 2))
3

>>> foo
(1 2 4)


>>> (= foo '(1 2 3 4 5 6 7))
(1 2 3 4 5 6 7)

>>> (del (foo 1 4))
(2 3 4 5)

>>> foo
(1 6 7)


>>> (= foo '(1 2 3 4 5 6 7))
(1 2 3 4 5 6 7)

>>> (del (foo 1 4 1))
(2 3 4 5)

>>> foo
(1 6 7)


>>> (= foo '(1 2 3 4 5 6 7))
(1 2 3 4 5 6 7)

>>> (del (foo 1 4 2))
(2 4)

>>> foo
(1 3 5 6 7)


>>> (= foo '(1 2 3 4 5 6 7))
(1 2 3 4 5 6 7)

>>> (del (foo 1 4 -1))
(5 4 3 2)

>>> foo
(1 6 7)


>>> (= foo '(1 2 3 4 5 6 7))
(1 2 3 4 5 6 7)

>>> (del (foo 1 4 -2))
(4 2)

>>> foo
(1 3 5 6 7)


>>> (del (car '(1 2 3 4)))
1

>>> (del (cdr '(1 2 3 4)))
(2 3 4)


==============================================================================


>>> (= foo (obj a 1 b 2))
#hash((a . 1)
      (b . 2))


>>> (keys foo)
(a b)

>>> (foo 'a)
1

>>> (foo 'b)
2


>>> (del (foo 'a))
1

>>> (keys foo)
(b)

>>> (foo 'a)
nil

>>> (foo 'a (uniq))
g...

>>> (foo 'b)
2


>>> (del (foo 'b))
2

>>> (keys foo)
nil

>>> (foo 'a)
nil

>>> (foo 'a (uniq))
g...

>>> (foo 'b)
nil

>>> (foo 'b (uniq))
g...


>>> foo
#hash()
